Microchip MPLAB XC8 Compiler V3.00

Linker command line:

-W-3 \
  --edf=C:/Users/robert.hoehne/.mchp_packs/Microchip/PIC16F1xxxx_DFP/1.26.410/xc8\pic\dat\20250122140635_en.msgs \
  -cn -h+dist/default/production\FA40-UI-SUB1050.production.sym \
  --cmf=dist/default/production\FA40-UI-SUB1050.production.cmf -z \
  -Q16F15385 \
  -oC:\Users\robert.hoehne\AppData\Local\Temp\xcBse84.1\driver_tmp_3.o \
  --defsym=__MPLAB_BUILD=1 --fixupoverflow=error \
  -Mdist/default/production/FA40-UI-SUB1050.production.map \
  --md=C:\Users\robert.hoehne\AppData\Local\Temp\xcBse84.1\driver_tmp_0.dat \
  -E1 -ver=XC8 Compiler -ACODE=00h-07FFhx4 -ASTRCODE=00h-01FFFh \
  -ASTRING=00h-0FFhx32 -ACONST=00h-0FFhx32 -AENTRY=00h-0FFhx32 \
  -ACOMMON=070h-07Fh -ABANK0=020h-06Fh -ABANK1=0A0h-0EFh \
  -ABANK2=0120h-016Fh -ABANK3=01A0h-01EFh -ABANK4=0220h-026Fh \
  -ABANK5=02A0h-02EFh -ABANK6=0320h-036Fh -ABANK7=03A0h-03EFh \
  -ABANK8=0420h-046Fh -ABANK9=04A0h-04EFh -ABANK10=0520h-056Fh \
  -ABANK11=05A0h-05EFh -ABANK12=0620h-064Fh -ABIGRAM=02000h-023EFh \
  -ARAM=020h-06Fh,0A0h-0EFh,0120h-016Fh,01A0h-01EFh,0220h-026Fh,02A0h-02EFh,0320h-036Fh,03A0h-03EFh,0420h-046Fh,04A0h-04EFh,0520h-056Fh,05A0h-05EFh,0620h-064Fh \
  -AABS1=020h-07Fh,0A0h-0EFh,0120h-016Fh,01A0h-01EFh,0220h-026Fh,02A0h-02EFh,0320h-036Fh,03A0h-03EFh,0420h-046Fh,04A0h-04EFh,0520h-056Fh,05A0h-05EFh,0620h-064Fh \
  -ASFR0=00h-01Fh -ASFR1=080h-09Fh -ASFR2=0100h-011Fh -ASFR3=0180h-019Fh \
  -ASFR4=0200h-021Fh -ASFR5=0280h-029Fh -ASFR6=0300h-031Fh \
  -ASFR7=0380h-039Fh -ASFR8=0400h-041Fh -ASFR9=0480h-049Fh \
  -ASFR10=0500h-051Fh -ASFR11=0580h-059Fh -ASFR12=0600h-061Fh \
  -ASFR13=0680h-06EFh -ASFR14=0700h-076Fh -ASFR15=0780h-07EFh \
  -ASFR16=0800h-086Fh -ASFR17=0880h-08EFh -ASFR18=0900h-096Fh \
  -ASFR19=0980h-09EFh -ASFR20=0A00h-0A6Fh -ASFR21=0A80h-0AEFh \
  -ASFR22=0B00h-0B6Fh -ASFR23=0B80h-0BEFh -ASFR24=0C00h-0C6Fh \
  -ASFR25=0C80h-0CEFh -ASFR26=0D00h-0D6Fh -ASFR27=0D80h-0DEFh \
  -ASFR28=0E00h-0E6Fh -ASFR29=0E80h-0EEFh -ASFR30=0F00h-0F6Fh \
  -ASFR31=0F80h-0FEFh -ASFR32=01000h-0106Fh -ASFR33=01080h-010EFh \
  -ASFR34=01100h-0116Fh -ASFR35=01180h-011EFh -ASFR36=01200h-0126Fh \
  -ASFR37=01280h-012EFh -ASFR38=01300h-0136Fh -ASFR39=01380h-013EFh \
  -ASFR40=01400h-0146Fh -ASFR41=01480h-014EFh -ASFR42=01500h-0156Fh \
  -ASFR43=01580h-015EFh -ASFR44=01600h-0166Fh -ASFR45=01680h-016EFh \
  -ASFR46=01700h-0176Fh -ASFR47=01780h-017EFh -ASFR48=01800h-0186Fh \
  -ASFR49=01880h-018EFh -ASFR50=01900h-0196Fh -ASFR51=01980h-019EFh \
  -ASFR52=01A00h-01A6Fh -ASFR53=01A80h-01AEFh -ASFR54=01B00h-01B6Fh \
  -ASFR55=01B80h-01BEFh -ASFR56=01C00h-01C6Fh -ASFR57=01C80h-01CEFh \
  -ASFR58=01D00h-01D6Fh -ASFR59=01D80h-01DEFh -ASFR60=01E00h-01E6Fh \
  -ASFR61=01E80h-01EEFh -ASFR62=01F00h-01F6Fh -ASFR63=01F80h-01FEFh \
  -ACONFIG=08007h-0800Bh -DCONFIG=2 -AIDLOC=08000h-08003h -DIDLOC=2 \
  -DCODE=2 -DSTRCODE=2 -DSTRING=2 -DCONST=2 -DENTRY=2 \
  -preset_vec=00h,intentry=04h,sivt,init,end_init -ppowerup=CODE \
  -pcinit=CODE -pfunctab=ENTRY -k \
  C:\Users\robert.hoehne\AppData\Local\Temp\xcBse84.1\driver_tmp_12.o \
  dist/default/production\FA40-UI-SUB1050.production.o 

Object code version is 3.11

Machine type is 16F15385



                Name                               Link     Load   Length Selector   Space Scale
C:\Users\robert.hoehne\AppData\Local\Temp\xcBse84.1\driver_tmp_12.o
                end_init                             67       67        2        8       0
                reset_vec                             0        0        2        0       0
                config                             8007     8007        5        0       4
dist/default/production\FA40-UI-SUB1050.production.o
                cinit                                69       69       2D        8       0
                intentry                              4        4       63        8       0
                config                             8007     8007        5        0       4
                text45                             1495     1495        1     292A       0
                text44                             1541     1541        F     2A82       0
                text43                              800      800        1        8       0
                text42                             149C     149C        4     2938       0
                text41                             168C     168C       51     2D18       0
                text40                             159D     159D       1B     2B3A       0
                text39                             1496     1496        3     292C       0
                text38                             14B0     14B0        5     2960       0
                text37                             14A0     14A0        4     2940       0
                text36                              D63      D63      29D     1AC6       0
                text35                               96       96      451        8       0
                text34                                2        2        2        0       0
                text33                              88A      88A       DE     1114       0
                text32                             15F5     15F5       26     2BEA       0
                text31                             14A4     14A4        4     2948       0
                text30                              812      812       78     1024       0
                text29                             14A8     14A8        4     2950       0
                text28                             14CD     14CD        8     299A       0
                text27                             14D5     14D5        B     29AA       0
                text25                             15D4     15D4       21     2BA8       0
                text24                             161B     161B       34     2C36       0
                text23                              968      968      16B     12D0       0
                text22                              AD3      AD3      290     15A6       0
                text21                              4E7      4E7      310        8       0
                text20                             14B5     14B5        6     296A       0
                text19                             156F     156F       15     2ADE       0
                text18                             1527     1527        D     2A4E       0
                text17                             14EB     14EB        C     29D6       0
                text16                             14F7     14F7        C     29EE       0
                text15                             1503     1503        C     2A06       0
                text14                             150F     150F        C     2A1E       0
                text13                             164F     164F       3D     2C9E       0
                text12                             151B     151B        C     2A36       0
                text11                             1584     1584       19     2B08       0
                text10                             14BB     14BB        6     2976       0
                text9                              14E0     14E0        B     29C0       0
                text8                              1499     1499        3     2932       0
                text7                              14AC     14AC        4     2958       0
                text6                              16DD     16DD       6D     2DBA       0
                text5                              1534     1534        D     2A68       0
                text4                              1550     1550        F     2AA0       0
                text3                              15B8     15B8       1C     2B70       0
                text2                               801      801       11     1002       0
                text1                              155F     155F       10     2ABE       0
                maintext                           174A     174A       B6     2E94       0
                cstackBANK0                          67       67        9       20       1
                cstackCOMMON                         70       70        9       70       1
                clrtext                            14C1     14C1        6     2982       0
                inittext                           14C7     14C7        6     298E       0
                bssBANK2                            120      120       40      120       1
                bssBANK1                             A0       A0       46       A0       1
                dataBANK0                            5E       5E        9       20       1
                bssBANK0                             20       20       3E       20       1
                bssCOMMON                            79       79        5       70       1
                stringtext2                        1830     1830       12     3000       0
                stringtext1                        1800     1800       30     3000       0
                idataBANK0                          7F7      7F7        9        8       0

TOTAL           Name                               Link     Load   Length     Space
        CLASS   CODE           
                end_init                             67       67        2         0
                cinit                                69       69       2D         0
                intentry                              4        4       63         0
                reset_vec                             0        0        2         0
                text45                             1495     1495        1         0
                text44                             1541     1541        F         0
                text43                              800      800        1         0
                text42                             149C     149C        4         0
                text41                             168C     168C       51         0
                text40                             159D     159D       1B         0
                text39                             1496     1496        3         0
                text38                             14B0     14B0        5         0
                text37                             14A0     14A0        4         0
                text36                              D63      D63      29D         0
                text35                               96       96      451         0
                text34                                2        2        2         0
                text33                              88A      88A       DE         0
                text32                             15F5     15F5       26         0
                text31                             14A4     14A4        4         0
                text30                              812      812       78         0
                text29                             14A8     14A8        4         0
                text28                             14CD     14CD        8         0
                text27                             14D5     14D5        B         0
                text25                             15D4     15D4       21         0
                text24                             161B     161B       34         0
                text23                              968      968      16B         0
                text22                              AD3      AD3      290         0
                text21                              4E7      4E7      310         0
                text20                             14B5     14B5        6         0
                text19                             156F     156F       15         0
                text18                             1527     1527        D         0
                text17                             14EB     14EB        C         0
                text16                             14F7     14F7        C         0
                text15                             1503     1503        C         0
                text14                             150F     150F        C         0
                text13                             164F     164F       3D         0
                text12                             151B     151B        C         0
                text11                             1584     1584       19         0
                text10                             14BB     14BB        6         0
                text9                              14E0     14E0        B         0
                text8                              1499     1499        3         0
                text7                              14AC     14AC        4         0
                text6                              16DD     16DD       6D         0
                text5                              1534     1534        D         0
                text4                              1550     1550        F         0
                text3                              15B8     15B8       1C         0
                text2                               801      801       11         0
                text1                              155F     155F       10         0
                maintext                           174A     174A       B6         0
                clrtext                            14C1     14C1        6         0
                inittext                           14C7     14C7        6         0
                idataBANK0                          7F7      7F7        9         0

        CLASS   STRCODE        
                stringtext2                        1830     1830       12         0
                stringtext1                        1800     1800       30         0

        CLASS   STRING         

        CLASS   CONST          

        CLASS   ENTRY          

        CLASS   COMMON         
                cstackCOMMON                         70       70        9         1
                bssCOMMON                            79       79        5         1

        CLASS   BANK0          
                cstackBANK0                          67       67        9         1
                dataBANK0                            5E       5E        9         1
                bssBANK0                             20       20       3E         1

        CLASS   BANK1          
                bssBANK1                             A0       A0       46         1

        CLASS   BANK2          
                bssBANK2                            120      120       40         1

        CLASS   BANK3          

        CLASS   BANK4          

        CLASS   BANK5          

        CLASS   BANK6          

        CLASS   BANK7          

        CLASS   BANK8          

        CLASS   BANK9          

        CLASS   BANK10         

        CLASS   BANK11         

        CLASS   BANK12         

        CLASS   BIGRAM         

        CLASS   RAM            

        CLASS   ABS1           
                abs_s1                               7E       7E        2         1

        CLASS   SFR0           

        CLASS   SFR1           

        CLASS   SFR2           

        CLASS   SFR3           

        CLASS   SFR4           

        CLASS   SFR5           

        CLASS   SFR6           

        CLASS   SFR7           

        CLASS   SFR8           

        CLASS   SFR9           

        CLASS   SFR10          

        CLASS   SFR11          

        CLASS   SFR12          

        CLASS   SFR13          

        CLASS   SFR14          

        CLASS   SFR15          

        CLASS   SFR16          

        CLASS   SFR17          

        CLASS   SFR18          

        CLASS   SFR19          

        CLASS   SFR20          

        CLASS   SFR21          

        CLASS   SFR22          

        CLASS   SFR23          

        CLASS   SFR24          

        CLASS   SFR25          

        CLASS   SFR26          

        CLASS   SFR27          

        CLASS   SFR28          

        CLASS   SFR29          

        CLASS   SFR30          

        CLASS   SFR31          

        CLASS   SFR32          

        CLASS   SFR33          

        CLASS   SFR34          

        CLASS   SFR35          

        CLASS   SFR36          

        CLASS   SFR37          

        CLASS   SFR38          

        CLASS   SFR39          

        CLASS   SFR40          

        CLASS   SFR41          

        CLASS   SFR42          

        CLASS   SFR43          

        CLASS   SFR44          

        CLASS   SFR45          

        CLASS   SFR46          

        CLASS   SFR47          

        CLASS   SFR48          

        CLASS   SFR49          

        CLASS   SFR50          

        CLASS   SFR51          

        CLASS   SFR52          

        CLASS   SFR53          

        CLASS   SFR54          

        CLASS   SFR55          

        CLASS   SFR56          

        CLASS   SFR57          

        CLASS   SFR58          

        CLASS   SFR59          

        CLASS   SFR60          

        CLASS   SFR61          

        CLASS   SFR62          

        CLASS   SFR63          

        CLASS   CONFIG         
                config                             8007     8007        5         4

        CLASS   IDLOC          

        CLASS   BANK63         

        CLASS   BANK62         

        CLASS   BANK61         

        CLASS   BANK60         

        CLASS   BANK59         

        CLASS   BANK58         

        CLASS   BANK57         

        CLASS   BANK56         

        CLASS   BANK55         

        CLASS   BANK54         

        CLASS   BANK53         

        CLASS   BANK52         

        CLASS   BANK51         

        CLASS   BANK50         

        CLASS   BANK49         

        CLASS   BANK48         

        CLASS   BANK47         

        CLASS   BANK46         

        CLASS   BANK45         

        CLASS   BANK44         

        CLASS   BANK43         

        CLASS   BANK42         

        CLASS   BANK41         

        CLASS   BANK40         

        CLASS   BANK39         

        CLASS   BANK38         

        CLASS   BANK37         

        CLASS   BANK36         

        CLASS   BANK35         

        CLASS   BANK34         

        CLASS   BANK33         

        CLASS   BANK32         

        CLASS   BANK31         

        CLASS   BANK30         

        CLASS   BANK29         

        CLASS   BANK28         

        CLASS   BANK27         

        CLASS   BANK26         

        CLASS   BANK25         

        CLASS   BANK24         

        CLASS   BANK23         

        CLASS   BANK22         

        CLASS   BANK21         

        CLASS   BANK20         

        CLASS   BANK19         

        CLASS   BANK18         

        CLASS   BANK17         

        CLASS   BANK16         

        CLASS   BANK15         

        CLASS   BANK14         

        CLASS   BANK13         

        CLASS   HEAP           

        CLASS   STACK          

        CLASS   EEDATA         



SEGMENTS        Name                           Load    Length   Top    Selector   Space  Class     Delta

                reset_vec                      000000  000004  000004         0       0  CODE        2
                intentry                       000004  0007FD  000801         8       0  CODE        2
                bssBANK0                       000020  000050  000070        20       1  BANK0       1
                cstackCOMMON                   000070  00000E  00007E        70       1  COMMON      1
                bssBANK1                       0000A0  000046  0000E6        A0       1  BANK1       1
                bssBANK2                       000120  000040  000160       120       1  BANK2       1
                text2                          000801  000011  000812      1002       0  CODE        2
                text30                         000812  000078  00088A      1024       0  CODE        2
                text33                         00088A  0000DE  000968      1114       0  CODE        2
                text23                         000968  00016B  000AD3      12D0       0  CODE        2
                text22                         000AD3  000290  000D63      15A6       0  CODE        2
                text36                         000D63  00029D  001000      1AC6       0  CODE        2
                text45                         001495  000001  001496      292A       0  CODE        2
                text39                         001496  000003  001499      292C       0  CODE        2
                text8                          001499  000003  00149C      2932       0  CODE        2
                text42                         00149C  000004  0014A0      2938       0  CODE        2
                text37                         0014A0  000004  0014A4      2940       0  CODE        2
                text31                         0014A4  000004  0014A8      2948       0  CODE        2
                text29                         0014A8  000004  0014AC      2950       0  CODE        2
                text7                          0014AC  000004  0014B0      2958       0  CODE        2
                text38                         0014B0  000005  0014B5      2960       0  CODE        2
                text20                         0014B5  000006  0014BB      296A       0  CODE        2
                text10                         0014BB  000006  0014C1      2976       0  CODE        2
                clrtext                        0014C1  000006  0014C7      2982       0  CODE        2
                inittext                       0014C7  000006  0014CD      298E       0  CODE        2
                text28                         0014CD  000008  0014D5      299A       0  CODE        2
                text27                         0014D5  00000B  0014E0      29AA       0  CODE        2
                text9                          0014E0  00000B  0014EB      29C0       0  CODE        2
                text17                         0014EB  00000C  0014F7      29D6       0  CODE        2
                text16                         0014F7  00000C  001503      29EE       0  CODE        2
                text15                         001503  00000C  00150F      2A06       0  CODE        2
                text14                         00150F  00000C  00151B      2A1E       0  CODE        2
                text12                         00151B  00000C  001527      2A36       0  CODE        2
                text18                         001527  00000D  001534      2A4E       0  CODE        2
                text5                          001534  00000D  001541      2A68       0  CODE        2
                text44                         001541  00000F  001550      2A82       0  CODE        2
                text4                          001550  00000F  00155F      2AA0       0  CODE        2
                text1                          00155F  000010  00156F      2ABE       0  CODE        2
                text19                         00156F  000015  001584      2ADE       0  CODE        2
                text11                         001584  000019  00159D      2B08       0  CODE        2
                text40                         00159D  00001B  0015B8      2B3A       0  CODE        2
                text3                          0015B8  00001C  0015D4      2B70       0  CODE        2
                text25                         0015D4  000021  0015F5      2BA8       0  CODE        2
                text32                         0015F5  000026  00161B      2BEA       0  CODE        2
                text24                         00161B  000034  00164F      2C36       0  CODE        2
                text13                         00164F  00003D  00168C      2C9E       0  CODE        2
                text41                         00168C  000051  0016DD      2D18       0  CODE        2
                text6                          0016DD  00006D  00174A      2DBA       0  CODE        2
                maintext                       00174A  0000B6  001800      2E94       0  CODE        2
                stringtext1                    001800  000042  001842      3000       0  STRCODE     2


UNUSED ADDRESS RANGES

        Name                Unused          Largest block    Delta
        BANK1            000E6-000EF               A           1
        BANK10           00520-0056F              50           1
        BANK11           005A0-005EF              50           1
        BANK12           00620-0064F              30           1
        BANK2            00160-0016F              10           1
        BANK3            001A0-001EF              50           1
        BANK4            00220-0026F              50           1
        BANK5            002A0-002EF              50           1
        BANK6            00320-0036F              50           1
        BANK7            003A0-003EF              50           1
        BANK8            00420-0046F              50           1
        BANK9            004A0-004EF              50           1
        BIGRAM           02000-023EF             3F0           1
        CODE             01000-01494             495           2
                         01842-01FFF             7BE
        CONST            01000-01494             100           2
                         01842-01FFF             100
        ENTRY            01000-01494             100           2
                         01842-01FFF             100
        IDLOC            08000-08003               4           2
        RAM              000E6-000EF               A           1
                         00160-0016F              10
                         001A0-001EF              50
                         00220-0026F              50
                         002A0-002EF              50
                         00320-0036F              50
                         003A0-003EF              50
                         00420-0046F              50
                         004A0-004EF              50
                         00520-0056F              50
                         005A0-005EF              50
                         00620-0064F              30
        SFR0             00000-0001F              20           1
        SFR1             00080-0009F              20           1
        SFR10            00500-0051F              20           1
        SFR11            00580-0059F              20           1
        SFR12            00600-0061F              20           1
        SFR13            00680-006EF              70           1
        SFR14            00700-0076F              70           1
        SFR15            00780-007EF              70           1
        SFR16            00800-0086F              70           1
        SFR17            00880-008EF              70           1
        SFR18            00900-0096F              70           1
        SFR19            00980-009EF              70           1
        SFR2             00100-0011F              20           1
        SFR20            00A00-00A6F              70           1
        SFR21            00A80-00AEF              70           1
        SFR22            00B00-00B6F              70           1
        SFR23            00B80-00BEF              70           1
        SFR24            00C00-00C6F              70           1
        SFR25            00C80-00CEF              70           1
        SFR26            00D00-00D6F              70           1
        SFR27            00D80-00DEF              70           1
        SFR28            00E00-00E6F              70           1
        SFR29            00E80-00EEF              70           1
        SFR3             00180-0019F              20           1
        SFR30            00F00-00F6F              70           1
        SFR31            00F80-00FEF              70           1
        SFR32            01000-0106F              70           1
        SFR33            01080-010EF              70           1
        SFR34            01100-0116F              70           1
        SFR35            01180-011EF              70           1
        SFR36            01200-0126F              70           1
        SFR37            01280-012EF              70           1
        SFR38            01300-0136F              70           1
        SFR39            01380-013EF              70           1
        SFR4             00200-0021F              20           1
        SFR40            01400-0146F              70           1
        SFR41            01480-014EF              70           1
        SFR42            01500-0156F              70           1
        SFR43            01580-015EF              70           1
        SFR44            01600-0166F              70           1
        SFR45            01680-016EF              70           1
        SFR46            01700-0176F              70           1
        SFR47            01780-017EF              70           1
        SFR48            01800-0186F              70           1
        SFR49            01880-018EF              70           1
        SFR5             00280-0029F              20           1
        SFR50            01900-0196F              70           1
        SFR51            01980-019EF              70           1
        SFR52            01A00-01A6F              70           1
        SFR53            01A80-01AEF              70           1
        SFR54            01B00-01B6F              70           1
        SFR55            01B80-01BEF              70           1
        SFR56            01C00-01C6F              70           1
        SFR57            01C80-01CEF              70           1
        SFR58            01D00-01D6F              70           1
        SFR59            01D80-01DEF              70           1
        SFR6             00300-0031F              20           1
        SFR60            01E00-01E6F              70           1
        SFR61            01E80-01EEF              70           1
        SFR62            01F00-01F6F              70           1
        SFR63            01F80-01FEF              70           1
        SFR7             00380-0039F              20           1
        SFR8             00400-0041F              20           1
        SFR9             00480-0049F              20           1
        STRCODE          01000-01494             495           2
                         01842-01FFF             7BE
        STRING           01000-01494             100           2
                         01842-01FFF             100

                                  Symbol Table

?_ADC_GetConversion                                  cstackBANK0  00067
ADC_GetConversion@channel                            cstackBANK0  0006A
ADC_SetInterruptHandler@InterruptHandler             cstackBANK0  00067
Client_Application@event                             cstackCOMMON 00074
Client_Application@isRegisterAddr                    bssBANK0     00052
Client_Application@registerAddr                      bssCOMMON    00079
EEPollWriteParameters@ee_send_time                   bssBANK0     00051
EEPollWriteParameters@index                          bssBANK0     00031
EUSART1_FramingErrorCallbackRegister@callbackHandler cstackBANK0  00067
EUSART1_OverrunErrorCallbackRegister@callbackHandler cstackBANK0  00067
EUSART1_ReceiveISR@regValue                          cstackCOMMON 00070
EUSART1_ReceiveISR@tempRxHead                        cstackCOMMON 00071
EUSART1_RxCompleteCallbackRegister@callbackHandler   cstackBANK0  00067
EUSART1_TransmitISR@tempTxTail                       cstackCOMMON 00070
EUSART1_TxCompleteCallbackRegister@callbackHandler   cstackBANK0  00067
I2C1_CallbackRegister@callback                       cstackBANK0  00067
I2C1_WriteByte@data                                  cstackCOMMON 00070
INT_SetInterruptHandler@InterruptHandler             cstackBANK0  00067
InitializeI2CRegisters@i                             cstackBANK0  00069
KEYPoll@return_value                                 cstackBANK0  0006A
KEYPoll@state                                        dataBANK0    00066
KEYPoll@switch_0                                     dataBANK0    00065
KEYPoll@switch_1                                     dataBANK0    00064
KEYPoll@switch_2                                     dataBANK0    00063
KEYPoll@switch_3                                     dataBANK0    00062
KEYPoll@switch_4                                     dataBANK0    00061
KEYPoll@switch_5                                     dataBANK0    00060
KEYPoll@switch_6                                     dataBANK0    0005F
KEYPoll@test_switch                                  cstackBANK0  00069
MAINSetLEDAction@led_action                          cstackBANK0  00069
POLLLed@status                                       bssCOMMON    0007A
POLLLed@timer                                        bssBANK0     00033
ProcessLEDRegisterUpdate@regAddress                  cstackCOMMON 00073
_ADACT                                               (abs)        0009F
_ADCON0                                              (abs)        0009D
_ADCON0bits                                          (abs)        0009D
_ADCON1                                              (abs)        0009E
_ADC_DefaultInterruptHandler                         text45       01495
_ADC_GetConversion                                   text25       015D4
_ADC_ISR                                             text44       01541
_ADC_Initialize                                      text19       0156F
_ADC_InterruptHandler                                bssBANK0     0004F
_ADC_SetInterruptHandler                             text20       014B5
_ADRESH                                              (abs)        0009C
_ADRESL                                              (abs)        0009B
_ANSELA                                              (abs)        01F38
_ANSELB                                              (abs)        01F43
_ANSELC                                              (abs)        01F4E
_ANSELD                                              (abs)        01F59
_ANSELE                                              (abs)        01F64
_ANSELF                                              (abs)        01E50
_BAUD1CON                                            (abs)        0011F
_BAUD1CONbits                                        (abs)        0011F
_CLOCK_Initialize                                    text18       01527
_Client_Application                                  text33       0088A
_EUSART1_AutoBaudQuery                               (abs)        00000
_EUSART1_AutoBaudSet                                 (abs)        00000
_EUSART1_DefaultFramingErrorCallback                 text43       00800
_EUSART1_DefaultOverrunErrorCallback                 text42       0149C
_EUSART1_Deinitialize                                (abs)        00000
_EUSART1_ErrorGet                                    (abs)        00000
_EUSART1_FramingErrorCallbackRegister                text17       014EB
_EUSART1_FramingErrorHandler                         bssBANK0     00045
_EUSART1_Initialize                                  text13       0164F
_EUSART1_IsRxReady                                   (abs)        00000
_EUSART1_IsTxDone                                    (abs)        00000
_EUSART1_IsTxReady                                   (abs)        00000
_EUSART1_OverrunErrorCallbackRegister                text16       014F7
_EUSART1_OverrunErrorHandler                         bssBANK0     00043
_EUSART1_Read                                        (abs)        00000
_EUSART1_ReceiveISR                                  text41       0168C
_EUSART1_RxCompleteCallbackRegister                  text15       01503
_EUSART1_RxInterruptHandler                          bssBANK0     00049
_EUSART1_TransmitDisable                             (abs)        00000
_EUSART1_TransmitEnable                              (abs)        00000
_EUSART1_TransmitISR                                 text40       0159D
_EUSART1_TxCompleteCallbackRegister                  text14       0150F
_EUSART1_TxInterruptHandler                          bssBANK0     0004B
_EUSART1_Write                                       (abs)        00000
_I2C1_CallbackRegister                               text12       0151B
_I2C1_Client                                         stringtext2  01830
_I2C1_DefaultCallback                                text34       00002
_I2C1_Deinitialize                                   (abs)        00000
_I2C1_ERROR_ISR                                      text31       014A4
_I2C1_ErrorEventHandler                              text32       015F5
_I2C1_ErrorGet                                       (abs)        00000
_I2C1_EventHandler                                   text30       00812
_I2C1_ISR                                            text29       014A8
_I2C1_Initialize                                     text11       01584
_I2C1_InterruptHandler                               bssBANK0     0004D
_I2C1_LastByteAckStatusGet                           (abs)        00000
_I2C1_ReadByte                                       text39       01496
_I2C1_TransferDirGet                                 text38       014B0
_I2C1_WriteByte                                      text37       014A0
_INLVLA                                              (abs)        01F3C
_INLVLB                                              (abs)        01F47
_INLVLC                                              (abs)        01F52
_INLVLD                                              (abs)        01F5D
_INLVLE                                              (abs)        01F68
_INLVLF                                              (abs)        01E54
_INTCONbits                                          (abs)        0000B
_INTERRUPT_Initialize                                text9        014E0
_INTERRUPT_InterruptManager                          intentry     00004
_INT_DefaultInterruptHandler                         (abs)        00000
_INT_InterruptHandler                                bssBANK0     00047
_INT_SetInterruptHandler                             text10       014BB
_IOCAF                                               (abs)        01F3F
_IOCAN                                               (abs)        01F3E
_IOCAP                                               (abs)        01F3D
_IOCBF                                               (abs)        01F4A
_IOCBN                                               (abs)        01F49
_IOCBP                                               (abs)        01F48
_IOCCF                                               (abs)        01F55
_IOCCN                                               (abs)        01F54
_IOCCP                                               (abs)        01F53
_IOCEF                                               (abs)        01F6B
_IOCEN                                               (abs)        01F6A
_IOCEP                                               (abs)        01F69
_InitializeI2CRegisters                              text24       0161B
_KEYPoll                                             text23       00968
_LATA                                                (abs)        00018
_LATAbits                                            (abs)        00018
_LATB                                                (abs)        00019
_LATBbits                                            (abs)        00019
_LATC                                                (abs)        0001A
_LATCbits                                            (abs)        0001A
_LATD                                                (abs)        0001B
_LATDbits                                            (abs)        0001B
_LATE                                                (abs)        0001C
_LATEbits                                            (abs)        0001C
_LATF                                                (abs)        0001D
_LATFbits                                            (abs)        0001D
_MAINSetLEDAction                                    text22       00AD3
_NVMADRH                                             (abs)        0081B
_NVMADRL                                             (abs)        0081A
_NVMCON1bits                                         (abs)        0081E
_NVMCON2                                             (abs)        0081F
_NVMDATH                                             (abs)        0081D
_NVMDATL                                             (abs)        0081C
_NVM_Initialize                                      text7        014AC
_NVM_StatusClear                                     text8        01499
_ODCONA                                              (abs)        01F3A
_ODCONB                                              (abs)        01F45
_ODCONC                                              (abs)        01F50
_ODCOND                                              (abs)        01F5B
_ODCONE                                              (abs)        01F66
_ODCONF                                              (abs)        01E52
_OSCCON1                                             (abs)        0088D
_OSCCON3                                             (abs)        0088F
_OSCEN                                               (abs)        00891
_OSCFRQ                                              (abs)        00893
_OSCSTATbits                                         (abs)        00890
_OSCTUNE                                             (abs)        00892
_PIE0bits                                            (abs)        00716
_PIE1bits                                            (abs)        00717
_PIE3bits                                            (abs)        00719
_PIE4bits                                            (abs)        0071A
_PIN_MANAGER_Initialize                              text6        016DD
_PIR0bits                                            (abs)        0070C
_PIR1bits                                            (abs)        0070D
_PIR3bits                                            (abs)        0070F
_PIR4bits                                            (abs)        00710
_POLLLed                                             text21       004E7
_PORTAbits                                           (abs)        0000C
_PORTBbits                                           (abs)        0000D
_PORTDbits                                           (abs)        0000F
_PORTEbits                                           (abs)        00010
_PORTFbits                                           (abs)        00011
_ProcessLEDRegisterUpdate                            text35       00096
_RB1PPS                                              (abs)        01F19
_RB2PPS                                              (abs)        01F1A
_RC1REG                                              (abs)        00119
_RC1STA                                              (abs)        0011D
_RC1STAbits                                          (abs)        0011D
_RC6PPS                                              (abs)        01F26
_RX1DTPPS                                            (abs)        01ECB
_SLRCONA                                             (abs)        01F3B
_SLRCONB                                             (abs)        01F46
_SLRCONC                                             (abs)        01F51
_SLRCOND                                             (abs)        01F5C
_SLRCONE                                             (abs)        01F67
_SLRCONF                                             (abs)        01E53
_SP1BRGH                                             (abs)        0011C
_SP1BRGL                                             (abs)        0011B
_SSP1ADD                                             (abs)        0018D
_SSP1BUF                                             (abs)        0018C
_SSP1CLKPPS                                          (abs)        01EC5
_SSP1CON1                                            (abs)        00190
_SSP1CON1bits                                        (abs)        00190
_SSP1CON2                                            (abs)        00191
_SSP1CON2bits                                        (abs)        00191
_SSP1CON3                                            (abs)        00192
_SSP1DATPPS                                          (abs)        01EC6
_SSP1MSK                                             (abs)        0018E
_SSP1STAT                                            (abs)        0018F
_SSP1STATbits                                        (abs)        0018F
_SYSTEM_Initialize                                   text3        015B8
_T0CON0                                              (abs)        0059E
_T0CON1                                              (abs)        0059F
_T1CLK                                               (abs)        00211
_T1CON                                               (abs)        0020E
_T1GATE                                              (abs)        00210
_T1GCON                                              (abs)        0020F
_TMR0H                                               (abs)        0059D
_TMR0L                                               (abs)        0059C
_TMR0_ISR                                            text28       014CD
_TMR0_Initialize                                     text5        01534
_TMR1H                                               (abs)        0020D
_TMR1L                                               (abs)        0020C
_TMR1_ISR                                            text27       014D5
_TMR1_Initialize                                     text4        01550
_TRISA                                               (abs)        00012
_TRISB                                               (abs)        00013
_TRISC                                               (abs)        00014
_TRISD                                               (abs)        00015
_TRISE                                               (abs)        00016
_TRISF                                               (abs)        00017
_TX1REG                                              (abs)        0011A
_TX1STA                                              (abs)        0011E
_TX1STAbits                                          (abs)        0011E
_WDT_a                                               text2        00801
_WDT_b                                               text1        0155F
_WPUA                                                (abs)        01F39
_WPUB                                                (abs)        01F44
_WPUC                                                (abs)        01F4F
_WPUD                                                (abs)        01F5A
_WPUE                                                (abs)        01F65
_WPUF                                                (abs)        01E51
__H__absolute__                                      __absolute__ 00000
__Habs1                                              abs1         00000
__Hbank0                                             bank0        00000
__Hbank1                                             bank1        00000
__Hbank10                                            bank10       00000
__Hbank11                                            bank11       00000
__Hbank12                                            bank12       00000
__Hbank13                                            bank13       00000
__Hbank14                                            bank14       00000
__Hbank15                                            bank15       00000
__Hbank16                                            bank16       00000
__Hbank17                                            bank17       00000
__Hbank18                                            bank18       00000
__Hbank19                                            bank19       00000
__Hbank2                                             bank2        00000
__Hbank20                                            bank20       00000
__Hbank21                                            bank21       00000
__Hbank22                                            bank22       00000
__Hbank23                                            bank23       00000
__Hbank24                                            bank24       00000
__Hbank25                                            bank25       00000
__Hbank26                                            bank26       00000
__Hbank27                                            bank27       00000
__Hbank28                                            bank28       00000
__Hbank29                                            bank29       00000
__Hbank3                                             bank3        00000
__Hbank30                                            bank30       00000
__Hbank31                                            bank31       00000
__Hbank32                                            bank32       00000
__Hbank33                                            bank33       00000
__Hbank34                                            bank34       00000
__Hbank35                                            bank35       00000
__Hbank36                                            bank36       00000
__Hbank37                                            bank37       00000
__Hbank38                                            bank38       00000
__Hbank39                                            bank39       00000
__Hbank4                                             bank4        00000
__Hbank40                                            bank40       00000
__Hbank41                                            bank41       00000
__Hbank42                                            bank42       00000
__Hbank43                                            bank43       00000
__Hbank44                                            bank44       00000
__Hbank45                                            bank45       00000
__Hbank46                                            bank46       00000
__Hbank47                                            bank47       00000
__Hbank48                                            bank48       00000
__Hbank49                                            bank49       00000
__Hbank5                                             bank5        00000
__Hbank50                                            bank50       00000
__Hbank51                                            bank51       00000
__Hbank52                                            bank52       00000
__Hbank53                                            bank53       00000
__Hbank54                                            bank54       00000
__Hbank55                                            bank55       00000
__Hbank56                                            bank56       00000
__Hbank57                                            bank57       00000
__Hbank58                                            bank58       00000
__Hbank59                                            bank59       00000
__Hbank6                                             bank6        00000
__Hbank60                                            bank60       00000
__Hbank61                                            bank61       00000
__Hbank62                                            bank62       00000
__Hbank63                                            bank63       00000
__Hbank7                                             bank7        00000
__Hbank8                                             bank8        00000
__Hbank9                                             bank9        00000
__Hbigram                                            bigram       00000
__HbssBANK0                                          bssBANK0     00000
__HbssBANK1                                          bssBANK1     00000
__HbssBANK2                                          bssBANK2     00000
__HbssCOMMON                                         bssCOMMON    00000
__Hcinit                                             cinit        00096
__Hclrtext                                           clrtext      00000
__Hcode                                              code         00000
__Hcommon                                            common       00000
__Hconfig                                            config       0800C
__HcstackBANK0                                       cstackBANK0  00000
__HcstackCOMMON                                      cstackCOMMON 00000
__HdataBANK0                                         dataBANK0    00000
__Heeprom_data                                       eeprom_data  00000
__Hend_init                                          end_init     00069
__Hfunctab                                           functab      00000
__Hheap                                              heap         00000
__HidataBANK0                                        idataBANK0   00000
__Hinit                                              init         00067
__Hinittext                                          inittext     00000
__Hintentry                                          intentry     00067
__Hmaintext                                          maintext     00000
__Hpowerup                                           powerup      00000
__Hram                                               ram          00000
__Hreset_vec                                         reset_vec    00002
__Hsfr0                                              sfr0         00000
__Hsfr1                                              sfr1         00000
__Hsfr10                                             sfr10        00000
__Hsfr11                                             sfr11        00000
__Hsfr12                                             sfr12        00000
__Hsfr13                                             sfr13        00000
__Hsfr14                                             sfr14        00000
__Hsfr15                                             sfr15        00000
__Hsfr16                                             sfr16        00000
__Hsfr17                                             sfr17        00000
__Hsfr18                                             sfr18        00000
__Hsfr19                                             sfr19        00000
__Hsfr2                                              sfr2         00000
__Hsfr20                                             sfr20        00000
__Hsfr21                                             sfr21        00000
__Hsfr22                                             sfr22        00000
__Hsfr23                                             sfr23        00000
__Hsfr24                                             sfr24        00000
__Hsfr25                                             sfr25        00000
__Hsfr26                                             sfr26        00000
__Hsfr27                                             sfr27        00000
__Hsfr28                                             sfr28        00000
__Hsfr29                                             sfr29        00000
__Hsfr3                                              sfr3         00000
__Hsfr30                                             sfr30        00000
__Hsfr31                                             sfr31        00000
__Hsfr32                                             sfr32        00000
__Hsfr33                                             sfr33        00000
__Hsfr34                                             sfr34        00000
__Hsfr35                                             sfr35        00000
__Hsfr36                                             sfr36        00000
__Hsfr37                                             sfr37        00000
__Hsfr38                                             sfr38        00000
__Hsfr39                                             sfr39        00000
__Hsfr4                                              sfr4         00000
__Hsfr40                                             sfr40        00000
__Hsfr41                                             sfr41        00000
__Hsfr42                                             sfr42        00000
__Hsfr43                                             sfr43        00000
__Hsfr44                                             sfr44        00000
__Hsfr45                                             sfr45        00000
__Hsfr46                                             sfr46        00000
__Hsfr47                                             sfr47        00000
__Hsfr48                                             sfr48        00000
__Hsfr49                                             sfr49        00000
__Hsfr5                                              sfr5         00000
__Hsfr50                                             sfr50        00000
__Hsfr51                                             sfr51        00000
__Hsfr52                                             sfr52        00000
__Hsfr53                                             sfr53        00000
__Hsfr54                                             sfr54        00000
__Hsfr55                                             sfr55        00000
__Hsfr56                                             sfr56        00000
__Hsfr57                                             sfr57        00000
__Hsfr58                                             sfr58        00000
__Hsfr59                                             sfr59        00000
__Hsfr6                                              sfr6         00000
__Hsfr60                                             sfr60        00000
__Hsfr61                                             sfr61        00000
__Hsfr62                                             sfr62        00000
__Hsfr63                                             sfr63        00000
__Hsfr7                                              sfr7         00000
__Hsfr8                                              sfr8         00000
__Hsfr9                                              sfr9         00000
__Hsivt                                              sivt         00067
__Hspace_0                                           (abs)        01842
__Hspace_1                                           (abs)        00160
__Hspace_2                                           (abs)        00000
__Hspace_3                                           (abs)        00000
__Hspace_4                                           (abs)        10013
__Hstack                                             stack        00000
__Hstrings                                           strings      00000
__Hstringtext1                                       stringtext1  00000
__Hstringtext2                                       stringtext2  00000
__Htext                                              text         00000
__L__absolute__                                      __absolute__ 00000
__Labs1                                              abs1         00000
__Lbank0                                             bank0        00000
__Lbank1                                             bank1        00000
__Lbank10                                            bank10       00000
__Lbank11                                            bank11       00000
__Lbank12                                            bank12       00000
__Lbank13                                            bank13       00000
__Lbank14                                            bank14       00000
__Lbank15                                            bank15       00000
__Lbank16                                            bank16       00000
__Lbank17                                            bank17       00000
__Lbank18                                            bank18       00000
__Lbank19                                            bank19       00000
__Lbank2                                             bank2        00000
__Lbank20                                            bank20       00000
__Lbank21                                            bank21       00000
__Lbank22                                            bank22       00000
__Lbank23                                            bank23       00000
__Lbank24                                            bank24       00000
__Lbank25                                            bank25       00000
__Lbank26                                            bank26       00000
__Lbank27                                            bank27       00000
__Lbank28                                            bank28       00000
__Lbank29                                            bank29       00000
__Lbank3                                             bank3        00000
__Lbank30                                            bank30       00000
__Lbank31                                            bank31       00000
__Lbank32                                            bank32       00000
__Lbank33                                            bank33       00000
__Lbank34                                            bank34       00000
__Lbank35                                            bank35       00000
__Lbank36                                            bank36       00000
__Lbank37                                            bank37       00000
__Lbank38                                            bank38       00000
__Lbank39                                            bank39       00000
__Lbank4                                             bank4        00000
__Lbank40                                            bank40       00000
__Lbank41                                            bank41       00000
__Lbank42                                            bank42       00000
__Lbank43                                            bank43       00000
__Lbank44                                            bank44       00000
__Lbank45                                            bank45       00000
__Lbank46                                            bank46       00000
__Lbank47                                            bank47       00000
__Lbank48                                            bank48       00000
__Lbank49                                            bank49       00000
__Lbank5                                             bank5        00000
__Lbank50                                            bank50       00000
__Lbank51                                            bank51       00000
__Lbank52                                            bank52       00000
__Lbank53                                            bank53       00000
__Lbank54                                            bank54       00000
__Lbank55                                            bank55       00000
__Lbank56                                            bank56       00000
__Lbank57                                            bank57       00000
__Lbank58                                            bank58       00000
__Lbank59                                            bank59       00000
__Lbank6                                             bank6        00000
__Lbank60                                            bank60       00000
__Lbank61                                            bank61       00000
__Lbank62                                            bank62       00000
__Lbank63                                            bank63       00000
__Lbank7                                             bank7        00000
__Lbank8                                             bank8        00000
__Lbank9                                             bank9        00000
__Lbigram                                            bigram       00000
__LbssBANK0                                          bssBANK0     00000
__LbssBANK1                                          bssBANK1     00000
__LbssBANK2                                          bssBANK2     00000
__LbssCOMMON                                         bssCOMMON    00000
__Lcinit                                             cinit        00069
__Lclrtext                                           clrtext      00000
__Lcode                                              code         00000
__Lcommon                                            common       00000
__Lconfig                                            config       00000
__LcstackBANK0                                       cstackBANK0  00000
__LcstackCOMMON                                      cstackCOMMON 00000
__LdataBANK0                                         dataBANK0    00000
__Leeprom_data                                       eeprom_data  00000
__Lend_init                                          end_init     00067
__Lfunctab                                           functab      00000
__Lheap                                              heap         00000
__LidataBANK0                                        idataBANK0   00000
__Linit                                              init         00067
__Linittext                                          inittext     00000
__Lintentry                                          intentry     00004
__Lmaintext                                          maintext     00000
__Lpowerup                                           powerup      00000
__Lram                                               ram          00000
__Lreset_vec                                         reset_vec    00000
__Lsfr0                                              sfr0         00000
__Lsfr1                                              sfr1         00000
__Lsfr10                                             sfr10        00000
__Lsfr11                                             sfr11        00000
__Lsfr12                                             sfr12        00000
__Lsfr13                                             sfr13        00000
__Lsfr14                                             sfr14        00000
__Lsfr15                                             sfr15        00000
__Lsfr16                                             sfr16        00000
__Lsfr17                                             sfr17        00000
__Lsfr18                                             sfr18        00000
__Lsfr19                                             sfr19        00000
__Lsfr2                                              sfr2         00000
__Lsfr20                                             sfr20        00000
__Lsfr21                                             sfr21        00000
__Lsfr22                                             sfr22        00000
__Lsfr23                                             sfr23        00000
__Lsfr24                                             sfr24        00000
__Lsfr25                                             sfr25        00000
__Lsfr26                                             sfr26        00000
__Lsfr27                                             sfr27        00000
__Lsfr28                                             sfr28        00000
__Lsfr29                                             sfr29        00000
__Lsfr3                                              sfr3         00000
__Lsfr30                                             sfr30        00000
__Lsfr31                                             sfr31        00000
__Lsfr32                                             sfr32        00000
__Lsfr33                                             sfr33        00000
__Lsfr34                                             sfr34        00000
__Lsfr35                                             sfr35        00000
__Lsfr36                                             sfr36        00000
__Lsfr37                                             sfr37        00000
__Lsfr38                                             sfr38        00000
__Lsfr39                                             sfr39        00000
__Lsfr4                                              sfr4         00000
__Lsfr40                                             sfr40        00000
__Lsfr41                                             sfr41        00000
__Lsfr42                                             sfr42        00000
__Lsfr43                                             sfr43        00000
__Lsfr44                                             sfr44        00000
__Lsfr45                                             sfr45        00000
__Lsfr46                                             sfr46        00000
__Lsfr47                                             sfr47        00000
__Lsfr48                                             sfr48        00000
__Lsfr49                                             sfr49        00000
__Lsfr5                                              sfr5         00000
__Lsfr50                                             sfr50        00000
__Lsfr51                                             sfr51        00000
__Lsfr52                                             sfr52        00000
__Lsfr53                                             sfr53        00000
__Lsfr54                                             sfr54        00000
__Lsfr55                                             sfr55        00000
__Lsfr56                                             sfr56        00000
__Lsfr57                                             sfr57        00000
__Lsfr58                                             sfr58        00000
__Lsfr59                                             sfr59        00000
__Lsfr6                                              sfr6         00000
__Lsfr60                                             sfr60        00000
__Lsfr61                                             sfr61        00000
__Lsfr62                                             sfr62        00000
__Lsfr63                                             sfr63        00000
__Lsfr7                                              sfr7         00000
__Lsfr8                                              sfr8         00000
__Lsfr9                                              sfr9         00000
__Lsivt                                              sivt         00067
__Lspace_0                                           (abs)        00000
__Lspace_1                                           (abs)        00000
__Lspace_2                                           (abs)        00000
__Lspace_3                                           (abs)        00000
__Lspace_4                                           (abs)        00000
__Lstack                                             stack        00000
__Lstrings                                           strings      00000
__Lstringtext1                                       stringtext1  00000
__Lstringtext2                                       stringtext2  00000
__Ltext                                              text         00000
__S0                                                 (abs)        01842
__S1                                                 (abs)        00160
___heap_hi                                           (abs)        00000
___heap_lo                                           (abs)        00000
___int_sp                                            stack        00000
___int_stack_hi                                      stack        00000
___int_stack_lo                                      stack        00000
___latbits                                           (abs)        00002
___sp                                                stack        00000
___stack_hi                                          stack        00000
___stack_lo                                          stack        00000
___stackhi                                           (abs)        00000
___stacklo                                           (abs)        00000
__end_of_ADC_DefaultInterruptHandler                 text45       01496
__end_of_ADC_GetConversion                           text25       015F5
__end_of_ADC_ISR                                     text44       01550
__end_of_ADC_Initialize                              text19       01584
__end_of_ADC_SetInterruptHandler                     text20       014BB
__end_of_CLOCK_Initialize                            text18       01534
__end_of_Client_Application                          text33       00968
__end_of_EUSART1_DefaultFramingErrorCallback         text43       00801
__end_of_EUSART1_DefaultOverrunErrorCallback         text42       014A0
__end_of_EUSART1_FramingErrorCallbackRegister        text17       014F7
__end_of_EUSART1_Initialize                          text13       0168C
__end_of_EUSART1_OverrunErrorCallbackRegister        text16       01503
__end_of_EUSART1_ReceiveISR                          text41       016DD
__end_of_EUSART1_RxCompleteCallbackRegister          text15       0150F
__end_of_EUSART1_TransmitISR                         text40       015B8
__end_of_EUSART1_TxCompleteCallbackRegister          text14       0151B
__end_of_I2C1_CallbackRegister                       text12       01527
__end_of_I2C1_Client                                 stringtext2  01842
__end_of_I2C1_DefaultCallback                        text34       00004
__end_of_I2C1_ERROR_ISR                              text31       014A8
__end_of_I2C1_ErrorEventHandler                      text32       0161B
__end_of_I2C1_EventHandler                           text30       0088A
__end_of_I2C1_ISR                                    text29       014AC
__end_of_I2C1_Initialize                             text11       0159D
__end_of_I2C1_ReadByte                               text39       01499
__end_of_I2C1_TransferDirGet                         text38       014B5
__end_of_I2C1_WriteByte                              text37       014A4
__end_of_INTERRUPT_Initialize                        text9        014EB
__end_of_INTERRUPT_InterruptManager                  intentry     00067
__end_of_INT_SetInterruptHandler                     text10       014C1
__end_of_InitializeI2CRegisters                      text24       0164F
__end_of_KEYPoll                                     text23       00AD3
__end_of_MAINSetLEDAction                            text22       00D63
__end_of_NVM_Initialize                              text7        014B0
__end_of_NVM_StatusClear                             text8        0149C
__end_of_PIN_MANAGER_Initialize                      text6        0174A
__end_of_POLLLed                                     text21       007F7
__end_of_ProcessLEDRegisterUpdate                    text35       004E7
__end_of_SYSTEM_Initialize                           text3        015D4
__end_of_TMR0_ISR                                    text28       014D5
__end_of_TMR0_Initialize                             text5        01541
__end_of_TMR1_ISR                                    text27       014E0
__end_of_TMR1_Initialize                             text4        0155F
__end_of_UART1                                       stringtext1  01830
__end_of_WDT_a                                       text2        00812
__end_of_WDT_b                                       text1        0156F
__end_of__initialization                             cinit        00092
__end_of_main                                        maintext     01800
__end_ofi1_MAINSetLEDAction                          text36       01000
__initialization                                     cinit        00069
__pbssBANK0                                          bssBANK0     00020
__pbssBANK1                                          bssBANK1     000A0
__pbssBANK2                                          bssBANK2     00120
__pbssCOMMON                                         bssCOMMON    00079
__pcstackBANK0                                       cstackBANK0  00067
__pcstackCOMMON                                      cstackCOMMON 00070
__pdataBANK0                                         dataBANK0    0005E
__pidataBANK0                                        idataBANK0   007F7
__pintentry                                          intentry     00004
__pmaintext                                          maintext     0174A
__pstringtext1                                       stringtext1  01800
__pstringtext2                                       stringtext2  01830
__ptext1                                             text1        0155F
__ptext10                                            text10       014BB
__ptext11                                            text11       01584
__ptext12                                            text12       0151B
__ptext13                                            text13       0164F
__ptext14                                            text14       0150F
__ptext15                                            text15       01503
__ptext16                                            text16       014F7
__ptext17                                            text17       014EB
__ptext18                                            text18       01527
__ptext19                                            text19       0156F
__ptext2                                             text2        00801
__ptext20                                            text20       014B5
__ptext21                                            text21       004E7
__ptext22                                            text22       00AD3
__ptext23                                            text23       00968
__ptext24                                            text24       0161B
__ptext25                                            text25       015D4
__ptext27                                            text27       014D5
__ptext28                                            text28       014CD
__ptext29                                            text29       014A8
__ptext3                                             text3        015B8
__ptext30                                            text30       00812
__ptext31                                            text31       014A4
__ptext32                                            text32       015F5
__ptext33                                            text33       0088A
__ptext34                                            text34       00002
__ptext35                                            text35       00096
__ptext36                                            text36       00D63
__ptext37                                            text37       014A0
__ptext38                                            text38       014B0
__ptext39                                            text39       01496
__ptext4                                             text4        01550
__ptext40                                            text40       0159D
__ptext41                                            text41       0168C
__ptext42                                            text42       0149C
__ptext43                                            text43       00800
__ptext44                                            text44       01541
__ptext45                                            text45       01495
__ptext5                                             text5        01534
__ptext6                                             text6        016DD
__ptext7                                             text7        014AC
__ptext8                                             text8        01499
__ptext9                                             text9        014E0
_eusart1RxBuffer                                     bssBANK2     00150
_eusart1RxCount                                      bssBANK0     00057
_eusart1RxHead                                       bssCOMMON    0007B
_eusart1RxLastError                                  bssBANK1     000E2
_eusart1RxStatusBuffer                               bssBANK2     00120
_eusart1RxTail                                       bssBANK0     00058
_eusart1TxBuffer                                     bssBANK1     000A0
_eusart1TxBufferRemaining                            bssBANK0     00059
_eusart1TxHead                                       bssBANK0     0005B
_eusart1TxTail                                       bssBANK0     0005A
_flagMAIN1mSTimer                                    bssBANK0     0005C
_i2c1Addr                                            bssBANK1     000E4
_i2c1ErrorState                                      bssBANK0     0005D
_i2cDat                                              bssBANK0     00020
_intMAINWatchdog                                     bssBANK0     00041
_ir_filter_buffer                                    bssBANK2     00140
_ir_filter_index                                     bssBANK0     00055
_light_1                                             bssBANK0     0003B
_light_10                                            bssBANK1     000D4
_light_11                                            bssBANK1     000D2
_light_12                                            bssBANK1     000D0
_light_13                                            bssBANK1     000CE
_light_14                                            bssBANK1     000CC
_light_15                                            bssBANK1     000CA
_light_16                                            bssBANK1     000C8
_light_17                                            bssBANK1     000C6
_light_18                                            bssBANK1     000C4
_light_19                                            bssBANK1     000C2
_light_2                                             bssBANK0     00039
_light_20                                            bssBANK1     000C0
_light_21                                            bssBANK1     000BE
_light_22                                            bssBANK1     000BC
_light_23                                            bssBANK1     000BA
_light_24                                            bssBANK1     000B8
_light_25                                            bssBANK1     000B6
_light_26                                            bssBANK1     000B4
_light_27                                            bssBANK1     000B2
_light_28                                            bssBANK1     000B0
_light_3                                             bssBANK0     00037
_light_4                                             bssBANK0     00035
_light_5                                             bssBANK1     000DE
_light_6                                             bssBANK1     000DC
_light_7                                             bssBANK1     000DA
_light_8                                             bssBANK1     000D8
_light_9                                             bssBANK1     000D6
_main                                                maintext     0174A
_sum                                                 bssBANK0     0003D
_ui_irsensor                                         bssBANK0     0003F
_ui_irsensor_filtered                                bssBANK1     000E0
_unlockKeyHigh                                       bssCOMMON    0007C
_unlockKeyLow                                        bssCOMMON    0007D
btemp                                                (abs)        0007E
clear_ram0                                           clrtext      014C1
end_of_initialization                                cinit        00092
i1MAINSetLEDAction@led_action                        cstackCOMMON 00072
i1_MAINSetLEDAction                                  text36       00D63
init_ram                                             inittext     014C7
int$flags                                            (abs)        0007E
intlevel0                                            functab      00000
intlevel1                                            functab      00000
intlevel2                                            functab      00000
intlevel3                                            functab      00000
intlevel4                                            functab      00000
intlevel5                                            functab      00000
main@i                                               cstackBANK0  0006F
main@key                                             cstackBANK0  0006E
main@timer_10mS                                      cstackBANK0  0006D
reset_vec                                            reset_vec    00000
start                                                init         00067
start_initialization                                 cinit        00069
wtemp0                                               (abs)        0007E


MODULE INFORMATION

Module		Function		Class		Link	Load	Size
mcc_generated_files/peripheral/src/tmr0.c
		_TMR0_ISR      		CODE           	14CD	0000	8
		_TMR0_Initialize		CODE           	1534	0000	13

mcc_generated_files/peripheral/src/tmr0.c estimated size: 21

mcc_generated_files/i2c_client/src/mssp1.c
		_I2C1_ErrorEventHandler		CODE           	15F5	0000	38
		_I2C1_CallbackRegister		CODE           	151B	0000	12
		_I2C1_ReadByte 		CODE           	1496	0000	3
		_I2C1_ISR      		CODE           	14A8	0000	4
		_I2C1_EventHandler		CODE           	0812	0000	120
		_I2C1_Initialize		CODE           	1584	0000	25
		_I2C1_ERROR_ISR		CODE           	14A4	0000	4
		_I2C1_TransferDirGet		CODE           	14B0	0000	5
		_I2C1_DefaultCallback		CODE           	0002	0000	2
		_I2C1_WriteByte		CODE           	14A0	0000	4

mcc_generated_files/i2c_client/src/mssp1.c estimated size: 217

mcc_generated_files/system/src/interrupt.c
		_INT_SetInterruptHandler		CODE           	14BB	0000	6
		_INTERRUPT_Initialize		CODE           	14E0	0000	11
		_INTERRUPT_InterruptManager		CODE           	0004	0000	99

mcc_generated_files/system/src/interrupt.c estimated size: 116

mcc_generated_files/adc/src/adc.c
		_ADC_DefaultInterruptHandler		CODE           	1495	0000	1
		_ADC_Initialize		CODE           	156F	0000	21
		_ADC_SetInterruptHandler		CODE           	14B5	0000	6
		_ADC_GetConversion		CODE           	15D4	0000	33
		_ADC_ISR       		CODE           	1541	0000	15

mcc_generated_files/adc/src/adc.c estimated size: 76

key.c
		_KEYPoll       		CODE           	0968	0000	363

key.c estimated size: 363

mcc_generated_files/nvm/src/nvm.c
		_NVM_Initialize		CODE           	14AC	0000	4
		_NVM_StatusClear		CODE           	1499	0000	3

mcc_generated_files/nvm/src/nvm.c estimated size: 7

i2c_client_app.c
		_ProcessLEDRegisterUpdate		CODE           	0096	0000	1105
		_Client_Application		CODE           	088A	0000	222
		_InitializeI2CRegisters		CODE           	161B	0000	52

i2c_client_app.c estimated size: 1379

mcc_generated_files/system/src/pins.c
		_PIN_MANAGER_Initialize		CODE           	16DD	0000	109

mcc_generated_files/system/src/pins.c estimated size: 109

shared
		__initialization		CODE           	0069	0000	41
		_UART1         		STRCODE        	0000	0000	0
		i1_MAINSetLEDAction		CODE           	0D63	0000	669
		_I2C1_Client   		STRCODE        	1830	0000	18

shared estimated size: 728

mcc_generated_files/peripheral/src/tmr1.c
		_TMR1_Initialize		CODE           	1550	0000	15
		_TMR1_ISR      		CODE           	14D5	0000	11

mcc_generated_files/peripheral/src/tmr1.c estimated size: 26

mcc_generated_files/system/src/clock.c
		_CLOCK_Initialize		CODE           	1527	0000	13

mcc_generated_files/system/src/clock.c estimated size: 13

main.c
		_WDT_b         		CODE           	155F	0000	16
		_main          		CODE           	174A	0000	182
		_WDT_a         		CODE           	0801	0000	17

main.c estimated size: 215

mcc_generated_files/uart/src/eusart1.c
		_EUSART1_Initialize		CODE           	164F	0000	61
		_EUSART1_ReceiveISR		CODE           	168C	0000	81
		_EUSART1_RxCompleteCallbackRegister		CODE           	1503	0000	12
		_EUSART1_TxCompleteCallbackRegister		CODE           	150F	0000	12
		_EUSART1_DefaultFramingErrorCallback		CODE           	0800	0000	1
		_EUSART1_TransmitISR		CODE           	159D	0000	27
		_EUSART1_FramingErrorCallbackRegister		CODE           	14EB	0000	12
		_EUSART1_OverrunErrorCallbackRegister		CODE           	14F7	0000	12
		_EUSART1_DefaultOverrunErrorCallback		CODE           	149C	0000	4

mcc_generated_files/uart/src/eusart1.c estimated size: 222

led.c
		_POLLLed       		CODE           	04E7	0000	784
		_MAINSetLEDAction		CODE           	0AD3	0000	656

led.c estimated size: 1440

mcc_generated_files/system/src/system.c
		_SYSTEM_Initialize		CODE           	15B8	0000	28

mcc_generated_files/system/src/system.c estimated size: 28

